This is pdfTeX, Version 3.141592653-2.6-1.40.29 (TeX Live 2026/Arch Linux) (preloaded format=pdflatex 2026.9.14)  15 SEP 2026 14:28
entering extended mode
 restricted \write18 enabled.
 %&-line parsing enabled.
**main.tex
(./main.tex
LaTeX2e <2025-11-01>
L3 programming layer <2026-01-19>
(/usr/share/texmf-dist/tex/latex/base/article.cls
Document Class: article 2025/01/22 v1.4n Standard LaTeX document class
(/usr/share/texmf-dist/tex/latex/base/size12.clo
File: size12.clo 2025/01/22 v1.4n Standard LaTeX file (size option)
)
\c@part=\count275
\c@section=\count276
\c@subsection=\count277
\c@subsubsection=\count278
\c@paragraph=\count279
\c@subparagraph=\count280
\c@figure=\count281
\c@table=\count282
\abovecaptionskip=\skip49
\belowcaptionskip=\skip50
\bibindent=\dimen148
)
(/usr/share/texmf-dist/tex/latex/base/fontenc.sty
Package: fontenc 2025/07/18 v2.1d Standard LaTeX package
)
(/usr/share/texmf-dist/tex/latex/base/inputenc.sty
Package: inputenc 2024/02/08 v1.3d Input encoding file
\inpenc@prehook=\toks17
\inpenc@posthook=\toks18
)
(/usr/share/texmf-dist/tex/latex/lm/lmodern.sty
Package: lmodern 2015/05/01 v1.6.1 Latin Modern Fonts
LaTeX Font Info:    Overwriting symbol font `operators' in version `normal'
(Font)                  OT1/cmr/m/n --> OT1/lmr/m/n on input line 22.
LaTeX Font Info:    Overwriting symbol font `letters' in version `normal'
(Font)                  OML/cmm/m/it --> OML/lmm/m/it on input line 23.
LaTeX Font Info:    Overwriting symbol font `symbols' in version `normal'
(Font)                  OMS/cmsy/m/n --> OMS/lmsy/m/n on input line 24.
LaTeX Font Info:    Overwriting symbol font `largesymbols' in version `normal'
(Font)                  OMX/cmex/m/n --> OMX/lmex/m/n on input line 25.
LaTeX Font Info:    Overwriting symbol font `operators' in version `bold'
(Font)                  OT1/cmr/bx/n --> OT1/lmr/bx/n on input line 26.
LaTeX Font Info:    Overwriting symbol font `letters' in version `bold'
(Font)                  OML/cmm/b/it --> OML/lmm/b/it on input line 27.
LaTeX Font Info:    Overwriting symbol font `symbols' in version `bold'
(Font)                  OMS/cmsy/b/n --> OMS/lmsy/b/n on input line 28.
LaTeX Font Info:    Overwriting symbol font `largesymbols' in version `bold'
(Font)                  OMX/cmex/m/n --> OMX/lmex/m/n on input line 29.
LaTeX Font Info:    Overwriting math alphabet `\mathbf' in version `normal'
(Font)                  OT1/cmr/bx/n --> OT1/lmr/bx/n on input line 31.
LaTeX Font Info:    Overwriting math alphabet `\mathsf' in version `normal'
(Font)                  OT1/cmss/m/n --> OT1/lmss/m/n on input line 32.
LaTeX Font Info:    Overwriting math alphabet `\mathit' in version `normal'
(Font)                  OT1/cmr/m/it --> OT1/lmr/m/it on input line 33.
LaTeX Font Info:    Overwriting math alphabet `\mathtt' in version `normal'
(Font)                  OT1/cmtt/m/n --> OT1/lmtt/m/n on input line 34.
LaTeX Font Info:    Overwriting math alphabet `\mathbf' in version `bold'
(Font)                  OT1/cmr/bx/n --> OT1/lmr/bx/n on input line 35.
LaTeX Font Info:    Overwriting math alphabet `\mathsf' in version `bold'
(Font)                  OT1/cmss/bx/n --> OT1/lmss/bx/n on input line 36.
LaTeX Font Info:    Overwriting math alphabet `\mathit' in version `bold'
(Font)                  OT1/cmr/bx/it --> OT1/lmr/bx/it on input line 37.
LaTeX Font Info:    Overwriting math alphabet `\mathtt' in version `bold'
(Font)                  OT1/cmtt/m/n --> OT1/lmtt/m/n on input line 38.
)
(/usr/share/texmf-dist/tex/latex/amsmath/amsmath.sty
Package: amsmath 2025/07/09 v2.17z AMS math features
\@mathmargin=\skip51

For additional information on amsmath, use the `?' option.
(/usr/share/texmf-dist/tex/latex/amsmath/amstext.sty
Package: amstext 2024/11/17 v2.01 AMS text

(/usr/share/texmf-dist/tex/latex/amsmath/amsgen.sty
File: amsgen.sty 1999/11/30 v2.0 generic functions
\@emptytoks=\toks19
\ex@=\dimen149
))
(/usr/share/texmf-dist/tex/latex/amsmath/amsbsy.sty
Package: amsbsy 1999/11/29 v1.2d Bold Symbols
\pmbraise@=\dimen150
)
(/usr/share/texmf-dist/tex/latex/amsmath/amsopn.sty
Package: amsopn 2022/04/08 v2.04 operator names
)
\inf@bad=\count283
LaTeX Info: Redefining \frac on input line 233.
\uproot@=\count284
\leftroot@=\count285
LaTeX Info: Redefining \overline on input line 398.
LaTeX Info: Redefining \colon on input line 409.
\classnum@=\count286
\DOTSCASE@=\count287
LaTeX Info: Redefining \ldots on input line 495.
LaTeX Info: Redefining \dots on input line 498.
LaTeX Info: Redefining \cdots on input line 619.
\Mathstrutbox@=\box53
\strutbox@=\box54
LaTeX Info: Redefining \big on input line 721.
LaTeX Info: Redefining \Big on input line 722.
LaTeX Info: Redefining \bigg on input line 723.
LaTeX Info: Redefining \Bigg on input line 724.
\big@size=\dimen151
LaTeX Font Info:    Redeclaring font encoding OML on input line 742.
LaTeX Font Info:    Redeclaring font encoding OMS on input line 743.
\macc@depth=\count288
LaTeX Info: Redefining \bmod on input line 904.
LaTeX Info: Redefining \pmod on input line 909.
LaTeX Info: Redefining \smash on input line 939.
LaTeX Info: Redefining \relbar on input line 969.
LaTeX Info: Redefining \Relbar on input line 970.
\c@MaxMatrixCols=\count289
\dotsspace@=\muskip17
\c@parentequation=\count290
\dspbrk@lvl=\count291
\tag@help=\toks20
\row@=\count292
\column@=\count293
\maxfields@=\count294
\andhelp@=\toks21
\eqnshift@=\dimen152
\alignsep@=\dimen153
\tagshift@=\dimen154
\tagwidth@=\dimen155
\totwidth@=\dimen156
\lineht@=\dimen157
\@envbody=\toks22
\multlinegap=\skip52
\multlinetaggap=\skip53
\mathdisplay@stack=\toks23
LaTeX Info: Redefining \[ on input line 2950.
LaTeX Info: Redefining \] on input line 2951.
)
(/usr/share/texmf-dist/tex/latex/amsfonts/amssymb.sty
Package: amssymb 2013/01/14 v3.01 AMS font symbols

(/usr/share/texmf-dist/tex/latex/amsfonts/amsfonts.sty
Package: amsfonts 2013/01/14 v3.01 Basic AMSFonts support
\symAMSa=\mathgroup4
\symAMSb=\mathgroup5
LaTeX Font Info:    Redeclaring math symbol \hbar on input line 98.
LaTeX Font Info:    Overwriting math alphabet `\mathfrak' in version `bold'
(Font)                  U/euf/m/n --> U/euf/b/n on input line 106.
))
(/usr/share/texmf-dist/tex/latex/graphics/graphicx.sty
Package: graphicx 2024/12/31 v1.2e Enhanced LaTeX Graphics (DPC,SPQR)

(/usr/share/texmf-dist/tex/latex/graphics/keyval.sty
Package: keyval 2022/05/29 v1.15 key=value parser (DPC)
\KV@toks@=\toks24
)
(/usr/share/texmf-dist/tex/latex/graphics/graphics.sty
Package: graphics 2024/08/06 v1.4g Standard LaTeX Graphics (DPC,SPQR)

(/usr/share/texmf-dist/tex/latex/graphics/trig.sty
Package: trig 2023/12/02 v1.11 sin cos tan (DPC)
)
(/usr/share/texmf-dist/tex/latex/graphics-cfg/graphics.cfg
File: graphics.cfg 2016/06/04 v1.11 sample graphics configuration
)
Package graphics Info: Driver file: pdftex.def on input line 106.

(/usr/share/texmf-dist/tex/latex/graphics-def/pdftex.def
File: pdftex.def 2025/09/29 v1.2d Graphics/color driver for pdftex
))
\Gin@req@height=\dimen158
\Gin@req@width=\dimen159
)
(/usr/share/texmf-dist/tex/latex/geometry/geometry.sty
Package: geometry 2020/01/02 v5.9 Page Geometry

(/usr/share/texmf-dist/tex/generic/iftex/ifvtex.sty
Package: ifvtex 2019/10/25 v1.7 ifvtex legacy package. Use iftex instead.

(/usr/share/texmf-dist/tex/generic/iftex/iftex.sty
Package: iftex 2024/12/12 v1.0g TeX engine tests
))
\Gm@cnth=\count295
\Gm@cntv=\count296
\c@Gm@tempcnt=\count297
\Gm@bindingoffset=\dimen160
\Gm@wd@mp=\dimen161
\Gm@odd@mp=\dimen162
\Gm@even@mp=\dimen163
\Gm@layoutwidth=\dimen164
\Gm@layoutheight=\dimen165
\Gm@layouthoffset=\dimen166
\Gm@layoutvoffset=\dimen167
\Gm@dimlist=\toks25
)
(/usr/share/texmf-dist/tex/latex/enumitem/enumitem.sty
Package: enumitem 2025/02/06 v3.11 Customized lists
\labelindent=\skip54
\enit@outerparindent=\dimen168
\enit@toks=\toks26
\enit@inbox=\box55
\enit@count@id=\count298
\enitdp@description=\count299
)
(/usr/share/texmf-dist/tex/latex/fancyhdr/fancyhdr.sty
Package: fancyhdr 2025/02/07 v5.2 Extensive control of page headers and footers

\f@nch@headwidth=\skip55
\f@nch@offset@elh=\skip56
\f@nch@offset@erh=\skip57
\f@nch@offset@olh=\skip58
\f@nch@offset@orh=\skip59
\f@nch@offset@elf=\skip60
\f@nch@offset@erf=\skip61
\f@nch@offset@olf=\skip62
\f@nch@offset@orf=\skip63
\f@nch@height=\skip64
\f@nch@footalignment=\skip65
\f@nch@widthL=\skip66
\f@nch@widthC=\skip67
\f@nch@widthR=\skip68
\@temptokenb=\toks27
)
(/usr/share/texmf-dist/tex/latex/float/float.sty
Package: float 2001/11/08 v1.3d Float enhancements (AL)
\c@float@type=\count300
\float@exts=\toks28
\float@box=\box56
\@float@everytoks=\toks29
\@floatcapt=\box57
)
LaTeX Font Info:    Trying to load font information for T1+lmr on input line 41
.

(/usr/share/texmf-dist/tex/latex/lm/t1lmr.fd
File: t1lmr.fd 2015/05/01 v1.6.1 Font defs for Latin Modern
)
(/usr/share/texmf-dist/tex/latex/l3backend/l3backend-pdftex.def
File: l3backend-pdftex.def 2025-10-09 L3 backend support: PDF output (pdfTeX)
\l__color_backend_stack_int=\count301
) (./main.aux)
\openout1 = `main.aux'.

LaTeX Font Info:    Checking defaults for OML/cmm/m/it on input line 41.
LaTeX Font Info:    ... okay on input line 41.
LaTeX Font Info:    Checking defaults for OMS/cmsy/m/n on input line 41.
LaTeX Font Info:    ... okay on input line 41.
LaTeX Font Info:    Checking defaults for OT1/cmr/m/n on input line 41.
LaTeX Font Info:    ... okay on input line 41.
LaTeX Font Info:    Checking defaults for T1/cmr/m/n on input line 41.
LaTeX Font Info:    ... okay on input line 41.
LaTeX Font Info:    Checking defaults for TS1/cmr/m/n on input line 41.
LaTeX Font Info:    ... okay on input line 41.
LaTeX Font Info:    Checking defaults for OMX/cmex/m/n on input line 41.
LaTeX Font Info:    ... okay on input line 41.
LaTeX Font Info:    Checking defaults for U/cmr/m/n on input line 41.
LaTeX Font Info:    ... okay on input line 41.

(/usr/share/texmf-dist/tex/context/base/mkii/supp-pdf.mkii
[Loading MPS to PDF converter (version 2006.09.02).]
\scratchcounter=\count302
\scratchdimen=\dimen169
\scratchbox=\box58
\nofMPsegments=\count303
\nofMParguments=\count304
\everyMPshowfont=\toks30
\MPscratchCnt=\count305
\MPscratchDim=\dimen170
\MPnumerator=\count306
\makeMPintoPDFobject=\count307
\everyMPtoPDFconversion=\toks31
) (/usr/share/texmf-dist/tex/latex/epstopdf-pkg/epstopdf-base.sty
Package: epstopdf-base 2020-01-24 v2.11 Base part for package epstopdf
Package epstopdf-base Info: Redefining graphics rule for `.eps' on input line 4
85.

(/usr/share/texmf-dist/tex/latex/latexconfig/epstopdf-sys.cfg
File: epstopdf-sys.cfg 2010/07/13 v1.3 Configuration of (r)epstopdf for TeX Liv
e
))
*geometry* driver: auto-detecting
*geometry* detected driver: pdftex
*geometry* verbose mode - [ preamble ] result:
* driver: pdftex
* paper: a4paper
* layout: <same size as paper>
* layoutoffset:(h,v)=(0.0pt,0.0pt)
* modes: 
* h-part:(L,W,R)=(62.59596pt, 472.31595pt, 62.59596pt)
* v-part:(T,H,B)=(56.9055pt, 731.23584pt, 56.9055pt)
* \paperwidth=597.50787pt
* \paperheight=845.04684pt
* \textwidth=472.31595pt
* \textheight=731.23584pt
* \oddsidemargin=-9.67403pt
* \evensidemargin=-9.67403pt
* \topmargin=-55.36449pt
* \headheight=15.0pt
* \headsep=25.0pt
* \topskip=12.0pt
* \footskip=30.0pt
* \marginparwidth=35.0pt
* \marginparsep=10.0pt
* \columnsep=10.0pt
* \skip\footins=10.8pt plus 4.0pt minus 2.0pt
* \hoffset=0.0pt
* \voffset=0.0pt
* \mag=1000
* \@twocolumnfalse
* \@twosidefalse
* \@mparswitchfalse
* \@reversemarginfalse
* (1in=72.27pt=25.4mm, 1cm=28.453pt)

<images/logo-000.png, id=1, 200.75pt x 122.4575pt>
File: images/logo-000.png Graphic file (type png)
<use images/logo-000.png>
Package pdftex.def Info: images/logo-000.png  used on input line 45.
(pdftex.def)             Requested size: 99.58464pt x 60.74837pt.
LaTeX Font Info:    Trying to load font information for OT1+lmr on input line 4
6.
(/usr/share/texmf-dist/tex/latex/lm/ot1lmr.fd
File: ot1lmr.fd 2015/05/01 v1.6.1 Font defs for Latin Modern
)
LaTeX Font Info:    Trying to load font information for OML+lmm on input line 4
6.

(/usr/share/texmf-dist/tex/latex/lm/omllmm.fd
File: omllmm.fd 2015/05/01 v1.6.1 Font defs for Latin Modern
)
LaTeX Font Info:    Trying to load font information for OMS+lmsy on input line 
46.

(/usr/share/texmf-dist/tex/latex/lm/omslmsy.fd
File: omslmsy.fd 2015/05/01 v1.6.1 Font defs for Latin Modern
)
LaTeX Font Info:    Trying to load font information for OMX+lmex on input line 
46.

(/usr/share/texmf-dist/tex/latex/lm/omxlmex.fd
File: omxlmex.fd 2015/05/01 v1.6.1 Font defs for Latin Modern
)
LaTeX Font Info:    External font `lmex10' loaded for size
(Font)              <12> on input line 46.
LaTeX Font Info:    External font `lmex10' loaded for size
(Font)              <8> on input line 46.
LaTeX Font Info:    External font `lmex10' loaded for size
(Font)              <6> on input line 46.
LaTeX Font Info:    Trying to load font information for U+msa on input line 46.


(/usr/share/texmf-dist/tex/latex/amsfonts/umsa.fd
File: umsa.fd 2013/01/14 v3.01 AMS symbols A
)
LaTeX Font Info:    Trying to load font information for U+msb on input line 46.


(/usr/share/texmf-dist/tex/latex/amsfonts/umsb.fd
File: umsb.fd 2013/01/14 v3.01 AMS symbols B
)
<images/logo-001.png, id=2, 188.705pt x 172.645pt>
File: images/logo-001.png Graphic file (type png)
<use images/logo-001.png>
Package pdftex.def Info: images/logo-001.png  used on input line 49.
(pdftex.def)             Requested size: 68.28644pt x 62.47353pt.
<images/sistema1_ii.png, id=3, 432.61626pt x 221.82875pt>
File: images/sistema1_ii.png Graphic file (type png)
<use images/sistema1_ii.png>
Package pdftex.def Info: images/sistema1_ii.png  used on input line 99.
(pdftex.def)             Requested size: 354.23695pt x 181.64687pt.
<images/a_1.png, id=4, 602.25pt x 263.98625pt>
File: images/a_1.png Graphic file (type png)
<use images/a_1.png>
Package pdftex.def Info: images/a_1.png  used on input line 105.
(pdftex.def)             Requested size: 354.23695pt x 155.27924pt.
 [1

{/var/lib/texmf/fonts/map/pdftex/updmap/pdftex.map}{/usr/share/texmf-dist/fonts
/enc/dvips/lm/lm-ec.enc}{/usr/share/texmf-dist/fonts/enc/dvips/lm/lm-rm.enc}{/u
sr/share/texmf-dist/fonts/enc/dvips/lm/lm-mathit.enc} <./images/logo-000.png (P
NG copy)> <./images/logo-001.png (PNG copy)> <./images/sistema1_ii.png (PNG cop
y)>]
<images/a_5.png, id=17, 602.25pt x 263.98625pt>
File: images/a_5.png Graphic file (type png)
<use images/a_5.png>
Package pdftex.def Info: images/a_5.png  used on input line 110.
(pdftex.def)             Requested size: 354.23695pt x 155.27924pt.
<images/a_10.png, id=18, 602.25pt x 263.98625pt>
File: images/a_10.png Graphic file (type png)
<use images/a_10.png>
Package pdftex.def Info: images/a_10.png  used on input line 115.
(pdftex.def)             Requested size: 354.23695pt x 155.27924pt.
 [2 <./images/a_1.png> <./images/a_5.png> <./images/a_10.png>]
<images/sistema1_iii.png, id=26, 508.90125pt x 312.16624pt>
File: images/sistema1_iii.png Graphic file (type png)
<use images/sistema1_iii.png>
Package pdftex.def Info: images/sistema1_iii.png  used on input line 131.
(pdftex.def)             Requested size: 354.23695pt x 217.30025pt.
<images/beta_gamma_1.png, id=27, 602.25pt x 263.98625pt>
File: images/beta_gamma_1.png Graphic file (type png)
<use images/beta_gamma_1.png>
Package pdftex.def Info: images/beta_gamma_1.png  used on input line 138.
(pdftex.def)             Requested size: 354.23695pt x 155.27924pt.
<images/gamma_5.png, id=28, 602.25pt x 263.98625pt>
File: images/gamma_5.png Graphic file (type png)
<use images/gamma_5.png>
Package pdftex.def Info: images/gamma_5.png  used on input line 143.
(pdftex.def)             Requested size: 354.23695pt x 155.27924pt.
 [3 <./images/sistema1_iii.png (PNG copy)> <./images/beta_gamma_1.png> <./image
s/gamma_5.png>]
<images/gamma_10.png, id=34, 602.25pt x 263.98625pt>
File: images/gamma_10.png Graphic file (type png)
<use images/gamma_10.png>
Package pdftex.def Info: images/gamma_10.png  used on input line 149.
(pdftex.def)             Requested size: 354.23695pt x 155.27924pt.
<images/beta_5.png, id=35, 602.25pt x 263.98625pt>
File: images/beta_5.png Graphic file (type png)
<use images/beta_5.png>
Package pdftex.def Info: images/beta_5.png  used on input line 154.
(pdftex.def)             Requested size: 354.23695pt x 155.27924pt.
<images/beta_10.png, id=36, 602.25pt x 263.98625pt>
File: images/beta_10.png Graphic file (type png)
<use images/beta_10.png>
Package pdftex.def Info: images/beta_10.png  used on input line 159.
(pdftex.def)             Requested size: 354.23695pt x 155.27924pt.
 [4 <./images/gamma_10.png> <./images/beta_5.png> <./images/beta_10.png>]
<images/sistema2_ii.png, id=43, 292.09125pt x 121.45375pt>
File: images/sistema2_ii.png Graphic file (type png)
<use images/sistema2_ii.png>
Package pdftex.def Info: images/sistema2_ii.png  used on input line 201.
(pdftex.def)             Requested size: 354.23695pt x 147.30786pt.
 [5 <./images/sistema2_ii.png (PNG copy)>]
<images/alpha_1.png, id=48, 602.25pt x 263.98625pt>
File: images/alpha_1.png Graphic file (type png)
<use images/alpha_1.png>
Package pdftex.def Info: images/alpha_1.png  used on input line 209.
(pdftex.def)             Requested size: 354.23695pt x 155.27924pt.
<images/alpha_5.png, id=49, 602.25pt x 263.98625pt>
File: images/alpha_5.png Graphic file (type png)
<use images/alpha_5.png>
Package pdftex.def Info: images/alpha_5.png  used on input line 215.
(pdftex.def)             Requested size: 354.23695pt x 155.27924pt.
<images/alpha_10.png, id=50, 602.25pt x 263.98625pt>
File: images/alpha_10.png Graphic file (type png)
<use images/alpha_10.png>
Package pdftex.def Info: images/alpha_10.png  used on input line 220.
(pdftex.def)             Requested size: 354.23695pt x 155.27924pt.
 [6 <./images/alpha_1.png> <./images/alpha_5.png> <./images/alpha_10.png>]
<images/sistema2_iii.png, id=57, 492.84125pt x 121.45375pt>
File: images/sistema2_iii.png Graphic file (type png)
<use images/sistema2_iii.png>
Package pdftex.def Info: images/sistema2_iii.png  used on input line 236.
(pdftex.def)             Requested size: 354.23695pt x 87.3002pt.
<images/omega_xi_1.png, id=58, 602.25pt x 263.98625pt>
File: images/omega_xi_1.png Graphic file (type png)
<use images/omega_xi_1.png>
Package pdftex.def Info: images/omega_xi_1.png  used on input line 244.
(pdftex.def)             Requested size: 354.23695pt x 155.27924pt.
<images/omega_n_5.png, id=59, 602.25pt x 263.98625pt>
File: images/omega_n_5.png Graphic file (type png)
<use images/omega_n_5.png>
Package pdftex.def Info: images/omega_n_5.png  used on input line 249.
(pdftex.def)             Requested size: 354.23695pt x 155.27924pt.
 [7 <./images/sistema2_iii.png (PNG copy)> <./images/omega_xi_1.png> <./images/
omega_n_5.png>]
<images/omega_n_10.png, id=66, 602.25pt x 263.98625pt>
File: images/omega_n_10.png Graphic file (type png)
<use images/omega_n_10.png>
Package pdftex.def Info: images/omega_n_10.png  used on input line 256.
(pdftex.def)             Requested size: 354.23695pt x 155.27924pt.
<images/xi_5.png, id=67, 602.25pt x 263.98625pt>
File: images/xi_5.png Graphic file (type png)
<use images/xi_5.png>
Package pdftex.def Info: images/xi_5.png  used on input line 261.
(pdftex.def)             Requested size: 354.23695pt x 155.27924pt.
<images/xi_10.png, id=68, 602.25pt x 263.98625pt>
File: images/xi_10.png Graphic file (type png)
<use images/xi_10.png>
Package pdftex.def Info: images/xi_10.png  used on input line 266.
(pdftex.def)             Requested size: 354.23695pt x 155.27924pt.
 [8 <./images/omega_n_10.png> <./images/xi_5.png> <./images/xi_10.png>] [9] (./
main.aux)
 ***********
LaTeX2e <2025-11-01>
L3 programming layer <2026-01-19>
 ***********
 ) 
Here is how much of TeX's memory you used:
 4397 strings out of 469495
 66846 string characters out of 5470098
 467217 words of memory out of 5000000
 33004 multiletter control sequences out of 15000+600000
 659034 words of font info for 64 fonts, out of 8000000 for 9000
 16 hyphenation exceptions out of 8191
 57i,12n,65p,502b,621s stack positions out of 10000i,1000n,20000p,200000b,200000s
</usr/share/texmf-dist/fonts/type1/public/lm/lmbx12.pfb></usr/share/texmf-dis
t/fonts/type1/public/lm/lmmi12.pfb></usr/share/texmf-dist/fonts/type1/public/lm
/lmmi8.pfb></usr/share/texmf-dist/fonts/type1/public/lm/lmr10.pfb></usr/share/t
exmf-dist/fonts/type1/public/lm/lmr12.pfb></usr/share/texmf-dist/fonts/type1/pu
blic/lm/lmr17.pfb></usr/share/texmf-dist/fonts/type1/public/lm/lmr8.pfb>
Output written on main.pdf (9 pages, 331993 bytes).
PDF statistics:
 114 PDF objects out of 1000 (max. 8388607)
 49 compressed objects within 1 object stream
 0 named destinations out of 1000 (max. 500000)
 111 words of extra memory for PDF output out of 10000 (max. 10000000)

